MPLINK 5.09, LINKER
Linker Map File - Created Mon Nov 25 20:48:20 2019

                                 Section Info
                  Section       Type    Address   Location Size(Bytes)
                ---------  ---------  ---------  ---------  ---------
                   .org_0       code   0x000000    program   0x000002
                   .cinit    romdata   0x000001    program   0x000004
                   .org_1       code   0x000004    program   0x0002ce
.config_2007_BUILD/DEFAULT/PRODUCTION/MAIN.O       code   0x002007    program   0x000002
.config_2008_BUILD/DEFAULT/PRODUCTION/MAIN.O       code   0x002008    program   0x000002



                              Program Memory Usage 
                               Start         End      
                           ---------   ---------      
                            0x000000    0x000002      
                            0x000004    0x00016a      
                            0x002007    0x002008      
            364 out of 8455 program addresses used, program memory utilization is 4%



                              Symbols - Sorted by Name
                     Name    Address   Location    Storage File                     
                ---------  ---------  ---------  --------- ---------                
             ActivarTimer   0x00012c    program     static C:\Users\Rodrigo\MPLABXProjects\ProyectoFinal.X\main.asm
                    Delay   0x000160    program     static C:\Users\Rodrigo\MPLABXProjects\ProyectoFinal.X\main.asm
                  Delay_0   0x000164    program     static C:\Users\Rodrigo\MPLABXProjects\ProyectoFinal.X\main.asm
          DesactivarTimer   0x000128    program     static C:\Users\Rodrigo\MPLABXProjects\ProyectoFinal.X\main.asm
               SetearTMR1   0x000130    program     static C:\Users\Rodrigo\MPLABXProjects\ProyectoFinal.X\main.asm
             _.org_1_00A3   0x0000a3    program     static C:\Users\Rodrigo\MPLABXProjects\ProyectoFinal.X\main.asm
             _.org_1_00AC   0x0000ac    program     static C:\Users\Rodrigo\MPLABXProjects\ProyectoFinal.X\main.asm
             _.org_1_00C7   0x0000c7    program     static C:\Users\Rodrigo\MPLABXProjects\ProyectoFinal.X\main.asm
             _.org_1_010A   0x00010a    program     static C:\Users\Rodrigo\MPLABXProjects\ProyectoFinal.X\main.asm
             _.org_1_013E   0x00013e    program     static C:\Users\Rodrigo\MPLABXProjects\ProyectoFinal.X\main.asm
             _.org_1_0165   0x000165    program     static C:\Users\Rodrigo\MPLABXProjects\ProyectoFinal.X\main.asm
             _.org_1_0168   0x000168    program     static C:\Users\Rodrigo\MPLABXProjects\ProyectoFinal.X\main.asm
    _actualizarColaBuffer   0x0000b8    program     static C:\Users\Rodrigo\MPLABXProjects\ProyectoFinal.X\main.asm
                _davuelta   0x0000f1    program     static C:\Users\Rodrigo\MPLABXProjects\ProyectoFinal.X\main.asm
                  _enviar   0x0000f3    program     static C:\Users\Rodrigo\MPLABXProjects\ProyectoFinal.X\main.asm
              _enviavalor   0x0000eb    program     static C:\Users\Rodrigo\MPLABXProjects\ProyectoFinal.X\main.asm
               _main_loop   0x000060    program     static C:\Users\Rodrigo\MPLABXProjects\ProyectoFinal.X\main.asm
   _reiniciarCabezaBuffer   0x0000b6    program     static C:\Users\Rodrigo\MPLABXProjects\ProyectoFinal.X\main.asm
     _reiniciarColaBuffer   0x0000c2    program     static C:\Users\Rodrigo\MPLABXProjects\ProyectoFinal.X\main.asm
       actualizarPunteros   0x0000b0    program     static C:\Users\Rodrigo\MPLABXProjects\ProyectoFinal.X\main.asm
               adc_config   0x000035    program     static C:\Users\Rodrigo\MPLABXProjects\ProyectoFinal.X\main.asm
         adc_valor_actual   0x0000c5    program     static C:\Users\Rodrigo\MPLABXProjects\ProyectoFinal.X\main.asm
            buffer_config   0x00002c    program     static C:\Users\Rodrigo\MPLABXProjects\ProyectoFinal.X\main.asm
          cargar_punteros   0x00007f    program     static C:\Users\Rodrigo\MPLABXProjects\ProyectoFinal.X\main.asm
                 comandoA   0x0000df    program     static C:\Users\Rodrigo\MPLABXProjects\ProyectoFinal.X\main.asm
                 comandoH   0x0000e4    program     static C:\Users\Rodrigo\MPLABXProjects\ProyectoFinal.X\main.asm
                conversor   0x000005    program     static C:\Users\Rodrigo\MPLABXProjects\ProyectoFinal.X\main.asm
enviar_salto_linea_serial   0x000104    program     static C:\Users\Rodrigo\MPLABXProjects\ProyectoFinal.X\main.asm
    enviar_valor_serial_w   0x00010f    program     static C:\Users\Rodrigo\MPLABXProjects\ProyectoFinal.X\main.asm
           escribirEEPROM   0x000091    program     static C:\Users\Rodrigo\MPLABXProjects\ProyectoFinal.X\main.asm
         eusart_baud_rate   0x00001f    program     static C:\Users\Rodrigo\MPLABXProjects\ProyectoFinal.X\main.asm
               eusart_get   0x0000cf    program     static C:\Users\Rodrigo\MPLABXProjects\ProyectoFinal.X\main.asm
              eusart_init   0x000016    program     static C:\Users\Rodrigo\MPLABXProjects\ProyectoFinal.X\main.asm
            eusart_send_w   0x000107    program     static C:\Users\Rodrigo\MPLABXProjects\ProyectoFinal.X\main.asm
         formatear_numero   0x00011e    program     static C:\Users\Rodrigo\MPLABXProjects\ProyectoFinal.X\main.asm
           guardarLectura   0x00013c    program     static C:\Users\Rodrigo\MPLABXProjects\ProyectoFinal.X\main.asm
           inicializacion   0x00006c    program     static C:\Users\Rodrigo\MPLABXProjects\ProyectoFinal.X\main.asm
     inicializar_punteros   0x000073    program     static C:\Users\Rodrigo\MPLABXProjects\ProyectoFinal.X\main.asm
                interrupt   0x000154    program     static C:\Users\Rodrigo\MPLABXProjects\ProyectoFinal.X\main.asm
             leerEEPROM_w   0x000086    program     static C:\Users\Rodrigo\MPLABXProjects\ProyectoFinal.X\main.asm
                     main   0x000043    program     static C:\Users\Rodrigo\MPLABXProjects\ProyectoFinal.X\main.asm
                 resetear   0x000062    program     static C:\Users\Rodrigo\MPLABXProjects\ProyectoFinal.X\main.asm



                              Symbols - Sorted by Address
                     Name    Address   Location    Storage File                     
                ---------  ---------  ---------  --------- ---------                
                conversor   0x000005    program     static C:\Users\Rodrigo\MPLABXProjects\ProyectoFinal.X\main.asm
              eusart_init   0x000016    program     static C:\Users\Rodrigo\MPLABXProjects\ProyectoFinal.X\main.asm
         eusart_baud_rate   0x00001f    program     static C:\Users\Rodrigo\MPLABXProjects\ProyectoFinal.X\main.asm
            buffer_config   0x00002c    program     static C:\Users\Rodrigo\MPLABXProjects\ProyectoFinal.X\main.asm
               adc_config   0x000035    program     static C:\Users\Rodrigo\MPLABXProjects\ProyectoFinal.X\main.asm
                     main   0x000043    program     static C:\Users\Rodrigo\MPLABXProjects\ProyectoFinal.X\main.asm
               _main_loop   0x000060    program     static C:\Users\Rodrigo\MPLABXProjects\ProyectoFinal.X\main.asm
                 resetear   0x000062    program     static C:\Users\Rodrigo\MPLABXProjects\ProyectoFinal.X\main.asm
           inicializacion   0x00006c    program     static C:\Users\Rodrigo\MPLABXProjects\ProyectoFinal.X\main.asm
     inicializar_punteros   0x000073    program     static C:\Users\Rodrigo\MPLABXProjects\ProyectoFinal.X\main.asm
          cargar_punteros   0x00007f    program     static C:\Users\Rodrigo\MPLABXProjects\ProyectoFinal.X\main.asm
             leerEEPROM_w   0x000086    program     static C:\Users\Rodrigo\MPLABXProjects\ProyectoFinal.X\main.asm
           escribirEEPROM   0x000091    program     static C:\Users\Rodrigo\MPLABXProjects\ProyectoFinal.X\main.asm
             _.org_1_00A3   0x0000a3    program     static C:\Users\Rodrigo\MPLABXProjects\ProyectoFinal.X\main.asm
             _.org_1_00AC   0x0000ac    program     static C:\Users\Rodrigo\MPLABXProjects\ProyectoFinal.X\main.asm
       actualizarPunteros   0x0000b0    program     static C:\Users\Rodrigo\MPLABXProjects\ProyectoFinal.X\main.asm
   _reiniciarCabezaBuffer   0x0000b6    program     static C:\Users\Rodrigo\MPLABXProjects\ProyectoFinal.X\main.asm
    _actualizarColaBuffer   0x0000b8    program     static C:\Users\Rodrigo\MPLABXProjects\ProyectoFinal.X\main.asm
     _reiniciarColaBuffer   0x0000c2    program     static C:\Users\Rodrigo\MPLABXProjects\ProyectoFinal.X\main.asm
         adc_valor_actual   0x0000c5    program     static C:\Users\Rodrigo\MPLABXProjects\ProyectoFinal.X\main.asm
             _.org_1_00C7   0x0000c7    program     static C:\Users\Rodrigo\MPLABXProjects\ProyectoFinal.X\main.asm
               eusart_get   0x0000cf    program     static C:\Users\Rodrigo\MPLABXProjects\ProyectoFinal.X\main.asm
                 comandoA   0x0000df    program     static C:\Users\Rodrigo\MPLABXProjects\ProyectoFinal.X\main.asm
                 comandoH   0x0000e4    program     static C:\Users\Rodrigo\MPLABXProjects\ProyectoFinal.X\main.asm
              _enviavalor   0x0000eb    program     static C:\Users\Rodrigo\MPLABXProjects\ProyectoFinal.X\main.asm
                _davuelta   0x0000f1    program     static C:\Users\Rodrigo\MPLABXProjects\ProyectoFinal.X\main.asm
                  _enviar   0x0000f3    program     static C:\Users\Rodrigo\MPLABXProjects\ProyectoFinal.X\main.asm
enviar_salto_linea_serial   0x000104    program     static C:\Users\Rodrigo\MPLABXProjects\ProyectoFinal.X\main.asm
            eusart_send_w   0x000107    program     static C:\Users\Rodrigo\MPLABXProjects\ProyectoFinal.X\main.asm
             _.org_1_010A   0x00010a    program     static C:\Users\Rodrigo\MPLABXProjects\ProyectoFinal.X\main.asm
    enviar_valor_serial_w   0x00010f    program     static C:\Users\Rodrigo\MPLABXProjects\ProyectoFinal.X\main.asm
         formatear_numero   0x00011e    program     static C:\Users\Rodrigo\MPLABXProjects\ProyectoFinal.X\main.asm
          DesactivarTimer   0x000128    program     static C:\Users\Rodrigo\MPLABXProjects\ProyectoFinal.X\main.asm
             ActivarTimer   0x00012c    program     static C:\Users\Rodrigo\MPLABXProjects\ProyectoFinal.X\main.asm
               SetearTMR1   0x000130    program     static C:\Users\Rodrigo\MPLABXProjects\ProyectoFinal.X\main.asm
           guardarLectura   0x00013c    program     static C:\Users\Rodrigo\MPLABXProjects\ProyectoFinal.X\main.asm
             _.org_1_013E   0x00013e    program     static C:\Users\Rodrigo\MPLABXProjects\ProyectoFinal.X\main.asm
                interrupt   0x000154    program     static C:\Users\Rodrigo\MPLABXProjects\ProyectoFinal.X\main.asm
                    Delay   0x000160    program     static C:\Users\Rodrigo\MPLABXProjects\ProyectoFinal.X\main.asm
                  Delay_0   0x000164    program     static C:\Users\Rodrigo\MPLABXProjects\ProyectoFinal.X\main.asm
             _.org_1_0165   0x000165    program     static C:\Users\Rodrigo\MPLABXProjects\ProyectoFinal.X\main.asm
             _.org_1_0168   0x000168    program     static C:\Users\Rodrigo\MPLABXProjects\ProyectoFinal.X\main.asm


